---
source: crates/stead-session-model/tests/snapshot_session_json.rs
assertion_line: 61
expression: session
---
{
  "schema_version": "0.1.0",
  "session_uid": "stead:codex:abc",
  "shared_session_uid": "stead:shared:abc",
  "source": {
    "backend": "codex",
    "original_session_id": "abc",
    "source_files": [
      "/tmp/source.jsonl"
    ],
    "imported_at": "2026-02-17T12:00:00Z",
    "adapter_version": "0.1.0"
  },
  "metadata": {
    "title": "Sample Session",
    "project_root": "/Users/jonas/repos/stead",
    "created_at": "2026-02-17T12:00:00Z",
    "updated_at": "2026-02-17T12:00:02Z",
    "tags": []
  },
  "events": [
    {
      "event_uid": "ev-user",
      "stream_id": "main",
      "line_number": 1,
      "sequence": 0,
      "timestamp": "2026-02-17T12:00:01Z",
      "kind": "message_user",
      "actor": {
        "role": "user"
      },
      "payload": {
        "type": "text",
        "text": "List files"
      },
      "raw_vendor_payload": {
        "type": "message",
        "vendor": "codex"
      },
      "extensions": {}
    },
    {
      "event_uid": "ev-tool",
      "stream_id": "main",
      "line_number": 2,
      "sequence": 1,
      "timestamp": "2026-02-17T12:00:02Z",
      "kind": "tool_call",
      "actor": {
        "role": "assistant"
      },
      "payload": {
        "type": "tool_call",
        "tool_name": "exec_command",
        "input": {
          "cmd": "ls"
        }
      },
      "raw_vendor_payload": {
        "type": "function_call",
        "vendor": "codex"
      },
      "extensions": {}
    }
  ],
  "artifacts": [],
  "capabilities": {},
  "extensions": {},
  "raw_vendor_payload": {
    "session_meta": {
      "id": "abc"
    }
  }
}
