---
source: crates/stead-session-adapters/tests/claude_export_snapshot.rs
assertion_line: 35
expression: exported
---
{"cwd":"/path/to/repo","gitBranch":"main","isSidechain":false,"message":{"content":"Please inspect this repo","role":"user"},"parentUuid":null,"permissionMode":"default","sessionId":"claude-main","timestamp":"2026-02-17T21:00:00+00:00","type":"user","userType":"external","uuid":"u1-0","version":"2.1.47"}
{"cwd":"/path/to/repo","gitBranch":"main","isSidechain":false,"message":{"content":[{"text":"I will inspect it now.","type":"text"}],"model":"claude-opus-4-6","role":"assistant"},"parentUuid":"u1-0","sessionId":"claude-main","timestamp":"2026-02-17T21:00:01+00:00","type":"assistant","userType":"external","uuid":"a1-1-item-0","version":"2.1.47"}
{"cwd":"/path/to/repo","gitBranch":"main","isSidechain":false,"message":{"content":[{"id":"toolu_1","input":{"file_path":"README.md"},"name":"Read","text":"I will inspect it now.","type":"tool_use"}],"model":"claude-opus-4-6","role":"assistant"},"parentUuid":"a1-1-item-0","sessionId":"claude-main","timestamp":"2026-02-17T21:00:01+00:00","type":"assistant","userType":"external","uuid":"toolu_1","version":"2.1.47"}
{"cwd":"/path/to/repo","gitBranch":"main","isSidechain":false,"message":{"content":"Subagent task details","role":"user"},"parentUuid":"toolu_1","permissionMode":"default","sessionId":"claude-main","timestamp":"2026-02-17T21:00:01+00:00","type":"user","userType":"external","uuid":"su1-0","version":"2.1.47"}
{"cwd":"/path/to/repo","gitBranch":"main","isSidechain":false,"message":{"content":[{"content":"# README","is_error":false,"tool_use_id":"toolu_1","type":"tool_result"}],"role":"user"},"parentUuid":"su1-0","permissionMode":"default","sessionId":"claude-main","timestamp":"2026-02-17T21:00:02+00:00","type":"user","userType":"external","uuid":"u2-2-toolu_1-result","version":"2.1.47"}
{"cwd":"/path/to/repo","gitBranch":"main","isSidechain":false,"message":{"content":[{"text":"Subagent done.","type":"text"}],"model":"claude-opus-4-6","role":"assistant"},"parentUuid":"u2-2-toolu_1-result","sessionId":"claude-main","timestamp":"2026-02-17T21:00:02+00:00","type":"assistant","userType":"external","uuid":"sa1-1-item-0","version":"2.1.47"}
{"cwd":"/path/to/repo","data":{"message":"post-tool","type":"hook"},"gitBranch":"main","isSidechain":false,"parentUuid":"sa1-1-item-0","sessionId":"claude-main","timestamp":"2026-02-17T21:00:03+00:00","type":"progress","userType":"external","uuid":"p1","version":"2.1.47"}
