---
source: crates/stead-session-adapters/tests/claude_export_snapshot.rs
assertion_line: 35
expression: exported
---
{"cwd":"/path/to/repo","gitBranch":"main","message":{"content":"Please inspect this repo","role":"user"},"sessionId":"claude-main","timestamp":"2026-02-17T21:00:00+00:00","type":"user","userType":"external","uuid":"u1-0"}
{"cwd":"/path/to/repo","gitBranch":"main","message":{"content":[{"text":"I will inspect it now.","type":"text"}],"model":"claude-opus-4-6","role":"assistant"},"sessionId":"claude-main","timestamp":"2026-02-17T21:00:01+00:00","type":"assistant","userType":"assistant","uuid":"a1-1-item-0"}
{"cwd":"/path/to/repo","gitBranch":"main","message":{"content":[{"id":"toolu_1","input":{"file_path":"README.md"},"name":"Read","text":"I will inspect it now.","type":"tool_use"}],"model":"claude-opus-4-6","role":"assistant"},"sessionId":"claude-main","timestamp":"2026-02-17T21:00:01+00:00","type":"assistant","userType":"assistant","uuid":"toolu_1"}
{"cwd":"/path/to/repo","gitBranch":"main","message":{"content":"Subagent task details","role":"user"},"sessionId":"claude-main","timestamp":"2026-02-17T21:00:01+00:00","type":"user","userType":"agent","uuid":"su1-0"}
{"cwd":"/path/to/repo","gitBranch":"main","message":{"content":[{"content":"# README","is_error":false,"tool_use_id":"toolu_1","type":"tool_result"}],"role":"user"},"sessionId":"claude-main","timestamp":"2026-02-17T21:00:02+00:00","type":"user","userType":"external","uuid":"u2-2-toolu_1-result"}
{"cwd":"/path/to/repo","gitBranch":"main","message":{"content":[{"text":"Subagent done.","type":"text"}],"model":"claude-opus-4-6","role":"assistant"},"sessionId":"claude-main","timestamp":"2026-02-17T21:00:02+00:00","type":"assistant","userType":"agent","uuid":"sa1-1-item-0"}
{"cwd":"/path/to/repo","data":{"message":"post-tool","type":"hook"},"gitBranch":"main","sessionId":"claude-main","timestamp":"2026-02-17T21:00:03+00:00","type":"progress","userType":"assistant","uuid":"p1"}
